
--- rep0 W=7000 truncate-tail ---
rrrrrrrrrrrrrrrrrrrrrrrrrrrrrrrrrrrrrrrrrrrrrrrrrrrrrrrrrrrr
    -> FAIL turns=61 writes=0 evict=52 peak=6480 useful=1268 junk%=78 tok=424051

--- rep0 W=7000 idle ---
rrrrrrrrrrrrrrrrrrrrrrrrrrrrrrrrrrrrrrrrrrrrrrrrrrrrrrrrrrrr
    -> FAIL turns=61 writes=0 evict=51 peak=6431 useful=700 junk%=88 tok=410257

--- rep1 W=7000 truncate-tail ---
rrrrrrrrrrrrrrrrrrrrrrrrrrrrrrrrrrrrrrrrrrrrrrrrrrrrrrrrrrrr
    -> FAIL turns=61 writes=0 evict=52 peak=6482 useful=1262 junk%=78 tok=424651

--- rep1 W=7000 idle ---
rrrrrrrrrrrrrrrrrrrrrrrrrrrrrrrrrrrrrrrrrrrrrrrrrrrrrrrrrrrr
    -> FAIL turns=61 writes=0 evict=51 peak=6433 useful=700 junk%=88 tok=410257

--- rep2 W=7000 truncate-tail ---
rrrrrrrrrrrrrrrrrrrrrrrrrrrrrrrrrrrrrrrrrrrrrrrrrrrrrrrrrrrr
    -> FAIL turns=61 writes=0 evict=52 peak=6482 useful=1269 junk%=78 tok=424051

--- rep2 W=7000 idle ---
rrrrrrrrrrrrrrrrrrrrrrrrrrrrrrrrrrrrrrrrrrrrrrrrrrrrrrrrrrrr
    -> FAIL turns=61 writes=0 evict=51 peak=6433 useful=700 junk%=88 tok=410257

--- rep3 W=7000 truncate-tail ---
rrrrrrrrrrrrrrrrrrrrrrrrrrrrrrrrrrrrrrrrrrrrrrrrrrrrrrrrrrrr
    -> FAIL turns=61 writes=0 evict=52 peak=6482 useful=1269 junk%=78 tok=424051

--- rep3 W=7000 idle ---
rrrrrrrrrrrrrrrrrrrrrrrrrrrrrrrrrrr