Obtaining file:///app
  Installing build dependencies: started
  Installing build dependencies: finished with status 'done'
  Checking if build backend supports build_editable: started
  Checking if build backend supports build_editable: finished with status 'done'
  Getting requirements to build editable: started
  Getting requirements to build editable: finished with status 'done'
  Preparing editable metadata (pyproject.toml): started
  Preparing editable metadata (pyproject.toml): finished with status 'done'
Requirement already satisfied: pytest==8.4.1 in /usr/local/lib/python3.11/site-packages (8.4.1)
Requirement already satisfied: great-expectations==0.18.21 in /usr/local/lib/python3.11/site-packages (0.18.21)
Requirement already satisfied: pandas==2.2.3 in /usr/local/lib/python3.11/site-packages (2.2.3)
Requirement already satisfied: PyYAML==6.0.2 in /usr/local/lib/python3.11/site-packages (6.0.2)
Requirement already satisfied: iniconfig>=1 in /usr/local/lib/python3.11/site-packages (from pytest==8.4.1) (2.3.0)
Requirement already satisfied: packaging>=20 in /usr/local/lib/python3.11/site-packages (from pytest==8.4.1) (26.2)
Requirement already satisfied: pluggy<2,>=1.5 in /usr/local/lib/python3.11/site-packages (from pytest==8.4.1) (1.6.0)
Requirement already satisfied: pygments>=2.7.2 in /usr/local/lib/python3.11/site-packages (from pytest==8.4.1) (2.20.0)
Requirement already satisfied: altair<5.0.0,>=4.2.1 in /usr/local/lib/python3.11/site-packages (from great-expectations==0.18.21) (4.2.2)
Requirement already satisfied: Click>=7.1.2 in /usr/local/lib/python3.11/site-packages (from great-expectations==0.18.21) (8.4.1)
Requirement already satisfied: colorama>=0.4.3 in /usr/local/lib/python3.11/site-packages (from great-expectations==0.18.21) (0.4.6)
Requirement already satisfied: cryptography>=3.2 in /usr/local/lib/python3.11/site-packages (from great-expectations==0.18.21) (49.0.0)
Requirement already satisfied: Ipython>=7.16.3 in /usr/local/lib/python3.11/site-packages (from great-expectations==0.18.21) (9.14.1)
Requirement already satisfied: ipywidgets>=7.5.1 in /usr/local/lib/python3.11/site-packages (from great-expectations==0.18.21) (8.1.8)
Requirement already satisfied: jinja2>=2.10 in /usr/local/lib/python3.11/site-packages (from great-expectations==0.18.21) (3.1.6)
Requirement already satisfied: jsonpatch>=1.22 in /usr/local/lib/python3.11/site-packages (from great-expectations==0.18.21) (1.33)
Requirement already satisfied: jsonschema>=2.5.1 in /usr/local/lib/python3.11/site-packages (from great-expectations==0.18.21) (4.26.0)
Requirement already satisfied: makefun<2,>=1.7.0 in /usr/local/lib/python3.11/site-packages (from great-expectations==0.18.21) (1.16.0)
Requirement already satisfied: marshmallow<4.0.0,>=3.7.1 in /usr/local/lib/python3.11/site-packages (from great-expectations==0.18.21) (3.26.2)
Requirement already satisfied: mistune>=0.8.4 in /usr/local/lib/python3.11/site-packages (from great-expectations==0.18.21) (3.2.1)
Requirement already satisfied: nbformat>=5.0 in /usr/local/lib/python3.11/site-packages (from great-expectations==0.18.21) (5.10.4)
Requirement already satisfied: notebook>=6.4.10 in /usr/local/lib/python3.11/site-packages (from great-expectations==0.18.21) (7.5.7)
Requirement already satisfied: pydantic>=1.9.2 in /usr/local/lib/python3.11/site-packages (from great-expectations==0.18.21) (2.13.4)
Requirement already satisfied: pyparsing>=2.4 in /usr/local/lib/python3.11/site-packages (from great-expectations==0.18.21) (3.3.2)
Requirement already satisfied: python-dateutil>=2.8.1 in /usr/local/lib/python3.11/site-packages (from great-expectations==0.18.21) (2.9.0.post0)
Requirement already satisfied: pytz>=2021.3 in /usr/local/lib/python3.11/site-packages (from great-expectations==0.18.21) (2026.2)
Requirement already satisfied: requests>=2.20 in /usr/local/lib/python3.11/site-packages (from great-expectations==0.18.21) (2.34.2)
Requirement already satisfied: ruamel.yaml<0.18,>=0.16 in /usr/local/lib/python3.11/site-packages (from great-expectations==0.18.21) (0.17.40)
Requirement already satisfied: scipy>=1.6.0 in /usr/local/lib/python3.11/site-packages (from great-expectations==0.18.21) (1.17.1)
Requirement already satisfied: tqdm>=4.59.0 in /usr/local/lib/python3.11/site-packages (from great-expectations==0.18.21) (4.68.2)
Requirement already satisfied: typing-extensions>=3.10.0.0 in /usr/local/lib/python3.11/site-packages (from great-expectations==0.18.21) (4.15.0)
Requirement already satisfied: tzlocal>=1.2 in /usr/local/lib/python3.11/site-packages (from great-expectations==0.18.21) (5.4)
Requirement already satisfied: urllib3>=1.26 in /usr/local/lib/python3.11/site-packages (from great-expectations==0.18.21) (2.7.0)
Requirement already satisfied: numpy<2.0.0,>=1.22.4 in /usr/local/lib/python3.11/site-packages (from great-expectations==0.18.21) (1.26.4)
Requirement already satisfied: tzdata>=2022.7 in /usr/local/lib/python3.11/site-packages (from pandas==2.2.3) (2026.2)
Requirement already satisfied: entrypoints in /usr/local/lib/python3.11/site-packages (from altair<5.0.0,>=4.2.1->great-expectations==0.18.21) (0.4)
Requirement already satisfied: toolz in /usr/local/lib/python3.11/site-packages (from altair<5.0.0,>=4.2.1->great-expectations==0.18.21) (1.1.0)
Requirement already satisfied: ruamel.yaml.clib>=0.2.7 in /usr/local/lib/python3.11/site-packages (from ruamel.yaml<0.18,>=0.16->great-expectations==0.18.21) (0.2.15)
Requirement already satisfied: cffi>=2.0.0 in /usr/local/lib/python3.11/site-packages (from cryptography>=3.2->great-expectations==0.18.21) (2.0.0)
Requirement already satisfied: pycparser in /usr/local/lib/python3.11/site-packages (from cffi>=2.0.0->cryptography>=3.2->great-expectations==0.18.21) (3.0)
Requirement already satisfied: decorator>=5.1.0 in /usr/local/lib/python3.11/site-packages (from Ipython>=7.16.3->great-expectations==0.18.21) (5.3.1)
Requirement already satisfied: ipython-pygments-lexers>=1.0.0 in /usr/local/lib/python3.11/site-packages (from Ipython>=7.16.3->great-expectations==0.18.21) (1.1.1)
Requirement already satisfied: jedi>=0.18.2 in /usr/local/lib/python3.11/site-packages (from Ipython>=7.16.3->great-expectations==0.18.21) (0.20.0)
Requirement already satisfied: matplotlib-inline>=0.1.6 in /usr/local/lib/python3.11/site-packages (from Ipython>=7.16.3->great-expectations==0.18.21) (0.2.2)
Requirement already satisfied: pexpect>4.6 in /usr/local/lib/python3.11/site-packages (from Ipython>=7.16.3->great-expectations==0.18.21) (4.9.0)
Requirement already satisfied: prompt_toolkit<3.1.0,>=3.0.41 in /usr/local/lib/python3.11/site-packages (from Ipython>=7.16.3->great-expectations==0.18.21) (3.0.52)
Requirement already satisfied: psutil>=7 in /usr/local/lib/python3.11/site-packages (from Ipython>=7.16.3->great-expectations==0.18.21) (7.2.2)
Requirement already satisfied: stack_data>=0.6.0 in /usr/local/lib/python3.11/site-packages (from Ipython>=7.16.3->great-expectations==0.18.21) (0.6.3)
Requirement already satisfied: traitlets>=5.13.0 in /usr/local/lib/python3.11/site-packages (from Ipython>=7.16.3->great-expectations==0.18.21) (5.15.1)
Requirement already satisfied: wcwidth in /usr/local/lib/python3.11/site-packages (from prompt_toolkit<3.1.0,>=3.0.41->Ipython>=7.16.3->great-expectations==0.18.21) (0.8.1)
Requirement already satisfied: comm>=0.1.3 in /usr/local/lib/python3.11/site-packages (from ipywidgets>=7.5.1->great-expectations==0.18.21) (0.2.3)
Requirement already satisfied: widgetsnbextension~=4.0.14 in /usr/local/lib/python3.11/site-packages (from ipywidgets>=7.5.1->great-expectations==0.18.21) (4.0.15)
Requirement already satisfied: jupyterlab_widgets~=3.0.15 in /usr/local/lib/python3.11/site-packages (from ipywidgets>=7.5.1->great-expectations==0.18.21) (3.0.16)
Requirement already satisfied: parso<0.9.0,>=0.8.6 in /usr/local/lib/python3.11/site-packages (from jedi>=0.18.2->Ipython>=7.16.3->great-expectations==0.18.21) (0.8.7)
Requirement already satisfied: MarkupSafe>=2.0 in /usr/local/lib/python3.11/site-packages (from jinja2>=2.10->great-expectations==0.18.21) (3.0.3)
Requirement already satisfied: jsonpointer>=1.9 in /usr/local/lib/python3.11/site-packages (from jsonpatch>=1.22->great-expectations==0.18.21) (3.1.1)
Requirement already satisfied: attrs>=22.2.0 in /usr/local/lib/python3.11/site-packages (from jsonschema>=2.5.1->great-expectations==0.18.21) (26.1.0)
Requirement already satisfied: jsonschema-specifications>=2023.03.6 in /usr/local/lib/python3.11/site-packages (from jsonschema>=2.5.1->great-expectations==0.18.21) (2025.9.1)
Requirement already satisfied: referencing>=0.28.4 in /usr/local/lib/python3.11/site-packages (from jsonschema>=2.5.1->great-expectations==0.18.21) (0.37.0)
Requirement already satisfied: rpds-py>=0.25.0 in /usr/local/lib/python3.11/site-packages (from jsonschema>=2.5.1->great-expectations==0.18.21) (2026.5.1)
Requirement already satisfied: fastjsonschema>=2.15 in /usr/local/lib/python3.11/site-packages (from nbformat>=5.0->great-expectations==0.18.21) (2.21.2)
Requirement already satisfied: jupyter-core!=5.0.*,>=4.12 in /usr/local/lib/python3.11/site-packages (from nbformat>=5.0->great-expectations==0.18.21) (5.9.1)
Requirement already satisfied: platformdirs>=2.5 in /usr/local/lib/python3.11/site-packages (from jupyter-core!=5.0.*,>=4.12->nbformat>=5.0->great-expectations==0.18.21) (4.10.0)
Requirement already satisfied: jupyter-server<3,>=2.4.0 in /usr/local/lib/python3.11/site-packages (from notebook>=6.4.10->great-expectations==0.18.21) (2.19.0)
Requirement already satisfied: jupyterlab-server<3,>=2.28.0 in /usr/local/lib/python3.11/site-packages (from notebook>=6.4.10->great-expectations==0.18.21) (2.28.0)
Requirement already satisfied: jupyterlab<4.6,>=4.5.8 in /usr/local/lib/python3.11/site-packages (from notebook>=6.4.10->great-expectations==0.18.21) (4.5.8)
Requirement already satisfied: notebook-shim<0.3,>=0.2 in /usr/local/lib/python3.11/site-packages (from notebook>=6.4.10->great-expectations==0.18.21) (0.2.4)
Requirement already satisfied: tornado>=6.2.0 in /usr/local/lib/python3.11/site-packages (from notebook>=6.4.10->great-expectations==0.18.21) (6.5.7)
Requirement already satisfied: anyio>=3.1.0 in /usr/local/lib/python3.11/site-packages (from jupyter-server<3,>=2.4.0->notebook>=6.4.10->great-expectations==0.18.21) (4.14.0)
Requirement already satisfied: argon2-cffi>=21.1 in /usr/local/lib/python3.11/site-packages (from jupyter-server<3,>=2.4.0->notebook>=6.4.10->great-expectations==0.18.21) (25.1.0)
Requirement already satisfied: jupyter-client>=7.4.4 in /usr/local/lib/python3.11/site-packages (from jupyter-server<3,>=2.4.0->notebook>=6.4.10->great-expectations==0.18.21) (8.9.1)
Requirement already satisfied: jupyter-events>=0.11.0 in /usr/local/lib/python3.11/site-packages (from jupyter-server<3,>=2.4.0->notebook>=6.4.10->great-expectations==0.18.21) (0.12.1)
Requirement already satisfied: jupyter-server-terminals>=0.4.4 in /usr/local/lib/python3.11/site-packages (from jupyter-server<3,>=2.4.0->notebook>=6.4.10->great-expectations==0.18.21) (0.5.4)
Requirement already satisfied: nbconvert>=6.4.4 in /usr/local/lib/python3.11/site-packages (from jupyter-server<3,>=2.4.0->notebook>=6.4.10->great-expectations==0.18.21) (7.17.1)
Requirement already satisfied: overrides>=5.0 in /usr/local/lib/python3.11/site-packages (from jupyter-server<3,>=2.4.0->notebook>=6.4.10->great-expectations==0.18.21) (7.7.0)
Requirement already satisfied: prometheus-client>=0.9 in /usr/local/lib/python3.11/site-packages (from jupyter-server<3,>=2.4.0->notebook>=6.4.10->great-expectations==0.18.21) (0.25.0)
Requirement already satisfied: pyzmq>=24 in /usr/local/lib/python3.11/site-packages (from jupyter-server<3,>=2.4.0->notebook>=6.4.10->great-expectations==0.18.21) (27.1.0)
Requirement already satisfied: send2trash>=1.8.2 in /usr/local/lib/python3.11/site-packages (from jupyter-server<3,>=2.4.0->notebook>=6.4.10->great-expectations==0.18.21) (2.1.0)
Requirement already satisfied: terminado>=0.8.3 in /usr/local/lib/python3.11/site-packages (from jupyter-server<3,>=2.4.0->notebook>=6.4.10->great-expectations==0.18.21) (0.18.1)
Requirement already satisfied: websocket-client>=1.7 in /usr/local/lib/python3.11/site-packages (from jupyter-server<3,>=2.4.0->notebook>=6.4.10->great-expectations==0.18.21) (1.9.0)
Requirement already satisfied: async-lru>=1.0.0 in /usr/local/lib/python3.11/site-packages (from jupyterlab<4.6,>=4.5.8->notebook>=6.4.10->great-expectations==0.18.21) (2.3.0)
Requirement already satisfied: httpx<1,>=0.25.0 in /usr/local/lib/python3.11/site-packages (from jupyterlab<4.6,>=4.5.8->notebook>=6.4.10->great-expectations==0.18.21) (0.28.1)
Requirement already satisfied: ipykernel!=6.30.0,>=6.5.0 in /usr/local/lib/python3.11/site-packages (from jupyterlab<4.6,>=4.5.8->notebook>=6.4.10->great-expectations==0.18.21) (7.3.0)
Requirement already satisfied: jupyter-lsp>=2.0.0 in /usr/local/lib/python3.11/site-packages (from jupyterlab<4.6,>=4.5.8->notebook>=6.4.10->great-expectations==0.18.21) (2.3.1)
Requirement already satisfied: setuptools>=41.1.0 in /usr/local/lib/python3.11/site-packages (from jupyterlab<4.6,>=4.5.8->notebook>=6.4.10->great-expectations==0.18.21) (79.0.1)
Requirement already satisfied: certifi in /usr/local/lib/python3.11/site-packages (from httpx<1,>=0.25.0->jupyterlab<4.6,>=4.5.8->notebook>=6.4.10->great-expectations==0.18.21) (2026.5.20)
Requirement already satisfied: httpcore==1.* in /usr/local/lib/python3.11/site-packages (from httpx<1,>=0.25.0->jupyterlab<4.6,>=4.5.8->notebook>=6.4.10->great-expectations==0.18.21) (1.0.9)
Requirement already satisfied: idna in /usr/local/lib/python3.11/site-packages (from httpx<1,>=0.25.0->jupyterlab<4.6,>=4.5.8->notebook>=6.4.10->great-expectations==0.18.21) (3.18)
Requirement already satisfied: h11>=0.16 in /usr/local/lib/python3.11/site-packages (from httpcore==1.*->httpx<1,>=0.25.0->jupyterlab<4.6,>=4.5.8->notebook>=6.4.10->great-expectations==0.18.21) (0.16.0)
Requirement already satisfied: babel>=2.10 in /usr/local/lib/python3.11/site-packages (from jupyterlab-server<3,>=2.28.0->notebook>=6.4.10->great-expectations==0.18.21) (2.18.0)
Requirement already satisfied: json5>=0.9.0 in /usr/local/lib/python3.11/site-packages (from jupyterlab-server<3,>=2.28.0->notebook>=6.4.10->great-expectations==0.18.21) (0.14.0)
Requirement already satisfied: argon2-cffi-bindings in /usr/local/lib/python3.11/site-packages (from argon2-cffi>=21.1->jupyter-server<3,>=2.4.0->notebook>=6.4.10->great-expectations==0.18.21) (25.1.0)
Requirement already satisfied: debugpy>=1.6.5 in /usr/local/lib/python3.11/site-packages (from ipykernel!=6.30.0,>=6.5.0->jupyterlab<4.6,>=4.5.8->notebook>=6.4.10->great-expectations==0.18.21) (1.8.21)
Requirement already satisfied: nest-asyncio2>=1.7.0 in /usr/local/lib/python3.11/site-packages (from ipykernel!=6.30.0,>=6.5.0->jupyterlab<4.6,>=4.5.8->notebook>=6.4.10->great-expectations==0.18.21) (1.7.2)
Requirement already satisfied: python-json-logger>=2.0.4 in /usr/local/lib/python3.11/site-packages (from jupyter-events>=0.11.0->jupyter-server<3,>=2.4.0->notebook>=6.4.10->great-expectations==0.18.21) (4.1.0)
Requirement already satisfied: rfc3339-validator in /usr/local/lib/python3.11/site-packages (from jupyter-events>=0.11.0->jupyter-server<3,>=2.4.0->notebook>=6.4.10->great-expectations==0.18.21) (0.1.4)
Requirement already satisfied: rfc3986-validator>=0.1.1 in /usr/local/lib/python3.11/site-packages (from jupyter-events>=0.11.0->jupyter-server<3,>=2.4.0->notebook>=6.4.10->great-expectations==0.18.21) (0.1.1)
Requirement already satisfied: fqdn in /usr/local/lib/python3.11/site-packages (from jsonschema[format-nongpl]>=4.18.0->jupyter-events>=0.11.0->jupyter-server<3,>=2.4.0->notebook>=6.4.10->great-expectations==0.18.21) (1.5.1)
Requirement already satisfied: isoduration in /usr/local/lib/python3.11/site-packages (from jsonschema[format-nongpl]>=4.18.0->jupyter-events>=0.11.0->jupyter-server<3,>=2.4.0->notebook>=6.4.10->great-expectations==0.18.21) (20.11.0)
Requirement already satisfied: rfc3987-syntax>=1.1.0 in /usr/local/lib/python3.11/site-packages (from jsonschema[format-nongpl]>=4.18.0->jupyter-events>=0.11.0->jupyter-server<3,>=2.4.0->notebook>=6.4.10->great-expectations==0.18.21) (1.1.0)
Requirement already satisfied: uri-template in /usr/local/lib/python3.11/site-packages (from jsonschema[format-nongpl]>=4.18.0->jupyter-events>=0.11.0->jupyter-server<3,>=2.4.0->notebook>=6.4.10->great-expectations==0.18.21) (1.3.0)
Requirement already satisfied: webcolors>=24.6.0 in /usr/local/lib/python3.11/site-packages (from jsonschema[format-nongpl]>=4.18.0->jupyter-events>=0.11.0->jupyter-server<3,>=2.4.0->notebook>=6.4.10->great-expectations==0.18.21) (25.10.0)
Requirement already satisfied: beautifulsoup4 in /usr/local/lib/python3.11/site-packages (from nbconvert>=6.4.4->jupyter-server<3,>=2.4.0->notebook>=6.4.10->great-expectations==0.18.21) (4.15.0)
Requirement already satisfied: bleach!=5.0.0 in /usr/local/lib/python3.11/site-packages (from bleach[css]!=5.0.0->nbconvert>=6.4.4->jupyter-server<3,>=2.4.0->notebook>=6.4.10->great-expectations==0.18.21) (6.4.0)
Requirement already satisfied: defusedxml in /usr/local/lib/python3.11/site-packages (from nbconvert>=6.4.4->jupyter-server<3,>=2.4.0->notebook>=6.4.10->great-expectations==0.18.21) (0.7.1)
Requirement already satisfied: jupyterlab-pygments in /usr/local/lib/python3.11/site-packages (from nbconvert>=6.4.4->jupyter-server<3,>=2.4.0->notebook>=6.4.10->great-expectations==0.18.21) (0.3.0)
Requirement already satisfied: nbclient>=0.5.0 in /usr/local/lib/python3.11/site-packages (from nbconvert>=6.4.4->jupyter-server<3,>=2.4.0->notebook>=6.4.10->great-expectations==0.18.21) (0.11.0)
Requirement already satisfied: pandocfilters>=1.4.1 in /usr/local/lib/python3.11/site-packages (from nbconvert>=6.4.4->jupyter-server<3,>=2.4.0->notebook>=6.4.10->great-expectations==0.18.21) (1.5.1)
Requirement already satisfied: webencodings in /usr/local/lib/python3.11/site-packages (from bleach!=5.0.0->bleach[css]!=5.0.0->nbconvert>=6.4.4->jupyter-server<3,>=2.4.0->notebook>=6.4.10->great-expectations==0.18.21) (0.5.1)
Requirement already satisfied: tinycss2>=1.1.0 in /usr/local/lib/python3.11/site-packages (from bleach[css]!=5.0.0->nbconvert>=6.4.4->jupyter-server<3,>=2.4.0->notebook>=6.4.10->great-expectations==0.18.21) (1.5.1)
Requirement already satisfied: ptyprocess>=0.5 in /usr/local/lib/python3.11/site-packages (from pexpect>4.6->Ipython>=7.16.3->great-expectations==0.18.21) (0.7.0)
Requirement already satisfied: annotated-types>=0.6.0 in /usr/local/lib/python3.11/site-packages (from pydantic>=1.9.2->great-expectations==0.18.21) (0.7.0)
Requirement already satisfied: pydantic-core==2.46.4 in /usr/local/lib/python3.11/site-packages (from pydantic>=1.9.2->great-expectations==0.18.21) (2.46.4)
Requirement already satisfied: typing-inspection>=0.4.2 in /usr/local/lib/python3.11/site-packages (from pydantic>=1.9.2->great-expectations==0.18.21) (0.4.2)
Requirement already satisfied: six>=1.5 in /usr/local/lib/python3.11/site-packages (from python-dateutil>=2.8.1->great-expectations==0.18.21) (1.17.0)
Requirement already satisfied: charset_normalizer<4,>=2 in /usr/local/lib/python3.11/site-packages (from requests>=2.20->great-expectations==0.18.21) (3.4.7)
Requirement already satisfied: lark>=1.2.2 in /usr/local/lib/python3.11/site-packages (from rfc3987-syntax>=1.1.0->jsonschema[format-nongpl]>=4.18.0->jupyter-events>=0.11.0->jupyter-server<3,>=2.4.0->notebook>=6.4.10->great-expectations==0.18.21) (1.3.1)
Requirement already satisfied: executing>=1.2.0 in /usr/local/lib/python3.11/site-packages (from stack_data>=0.6.0->Ipython>=7.16.3->great-expectations==0.18.21) (2.2.1)
Requirement already satisfied: asttokens>=2.1.0 in /usr/local/lib/python3.11/site-packages (from stack_data>=0.6.0->Ipython>=7.16.3->great-expectations==0.18.21) (3.0.1)
Requirement already satisfied: pure-eval in /usr/local/lib/python3.11/site-packages (from stack_data>=0.6.0->Ipython>=7.16.3->great-expectations==0.18.21) (0.2.3)
Requirement already satisfied: soupsieve>=1.6.1 in /usr/local/lib/python3.11/site-packages (from beautifulsoup4->nbconvert>=6.4.4->jupyter-server<3,>=2.4.0->notebook>=6.4.10->great-expectations==0.18.21) (2.8.4)
Requirement already satisfied: arrow>=0.15.0 in /usr/local/lib/python3.11/site-packages (from isoduration->jsonschema[format-nongpl]>=4.18.0->jupyter-events>=0.11.0->jupyter-server<3,>=2.4.0->notebook>=6.4.10->great-expectations==0.18.21) (1.4.0)
Building wheels for collected packages: dq-audit
  Building editable for dq-audit (pyproject.toml): started
  Building editable for dq-audit (pyproject.toml): finished with status 'done'
  Created wheel for dq-audit: filename=dq_audit-0.1.0-0.editable-py3-none-any.whl size=1520 sha256=95d40e7cdb9e48d4db7362662c9d9cd501f081a1c9569aef1f4f556d888c4570
  Stored in directory: /tmp/pip-ephem-wheel-cache-93b3tmhs/wheels/57/0f/98/bb57b2b57b95807699b822a35c022f139d38a02c27922f27ce
Successfully built dq-audit
Installing collected packages: dq-audit
  Attempting uninstall: dq-audit
    Found existing installation: dq-audit 0.1.0
    Uninstalling dq-audit-0.1.0:
      Successfully uninstalled dq-audit-0.1.0
Successfully installed dq-audit-0.1.0
WARNING: Running pip as the 'root' user can result in broken permissions and conflicting behaviour with the system package manager, possibly rendering your system unusable. It is recommended to use a virtual environment instead: https://pip.pypa.io/warnings/venv. Use the --root-user-action option if you know what you are doing and want to suppress this warning.

[notice] A new release of pip is available: 26.1.2 -> 26.2.1
[notice] To update, run: pip install --upgrade pip
